
Running Gradle task 'assembleRelease'...                        
Warning: The plugin flutter_plugin_android_lifecycle requires Android SDK version 35 or higher.
For more information about build configuration, see https://flutter.dev/to/review-gradle-config.
Your project is configured to compile against Android SDK 34, but the following plugin(s) require to be compiled against a higher Android SDK version:
- flutter_plugin_android_lifecycle compiles against Android SDK 35
Fix this issue by compiling against the highest Android SDK version (they are backward compatible).
Add the following to /home/runner/work/zied/zied/android/app/build.gradle:

    android {
        compileSdk = 35
        ...
    }

Checking the license for package Android SDK Build-Tools 33.0.1 in /usr/local/lib/android/sdk/licenses
License for package Android SDK Build-Tools 33.0.1 accepted.
Preparing "Install Android SDK Build-Tools 33.0.1 v.33.0.1".
"Install Android SDK Build-Tools 33.0.1 v.33.0.1" ready.
Installing Android SDK Build-Tools 33.0.1 in /usr/local/lib/android/sdk/build-tools/33.0.1
"Install Android SDK Build-Tools 33.0.1 v.33.0.1" complete.
"Install Android SDK Build-Tools 33.0.1 v.33.0.1" finished.
Font asset "MaterialIcons-Regular.otf" was tree-shaken, reducing it from 1645184 to 8768 bytes (99.5% reduction). Tree-shaking can be disabled by providing the --no-tree-shake-icons flag when building your app.
Caught exception: Already watching path: /home/runner/work/zied/zied/android
Running Gradle task 'assembleRelease'...                          203.6s
✓ Built build/app/outputs/flutter-apk/app-release.apk (24.5MB)
